// Jest Snapshot v1, https://goo.gl/fbAQLP

exports[`File List Page matches snapshot 1`] = `
<div
  className="row"
  data-testid="fileList"
>
  <span
    className="collection-item"
  >
    <div
      className="sc-AxjAm jIgIEX"
      data-testid="FileListItem"
    >
      <span
        data-testid="icon"
      >
         
        <img
          alt="Html"
          src="android.png"
        />
      </span>
      <span
        className="column"
        data-testid="name"
      >
        Html
      </span>
      <span
        data-testid="msg"
      >
        Learn HTML For Beginners With Free Book 
      </span>
      <span
        data-testid="time"
      >
        19 years ago
      </span>
    </div>
  </span>
  <span
    className="collection-item"
  >
    <div
      className="sc-AxjAm jIgIEX"
      data-testid="FileListItem"
    >
      <span
        data-testid="icon"
      >
         
        <img
          alt="Html"
          src="announcement.png"
        />
      </span>
      <span
        className="column"
        data-testid="name"
      >
        CSS
      </span>
      <span
        data-testid="msg"
      >
        Learn CSS For Beginners With Free Book 
      </span>
      <span
        data-testid="time"
      >
        23 years ago
      </span>
    </div>
  </span>
  <span
    className="collection-item"
  >
    <div
      className="sc-AxjAm jIgIEX"
      data-testid="FileListItem"
    >
      <span
        data-testid="icon"
      >
         
        <img
          alt="Html"
          src="camera.png"
        />
      </span>
      <span
        className="column"
        data-testid="name"
      >
        Html
      </span>
      <span
        data-testid="msg"
      >
        Learn JS For Beginners With Free Book 
      </span>
      <span
        data-testid="time"
      >
        10 years ago
      </span>
    </div>
  </span>
  <span
    className="collection-item"
  >
    <div
      className="sc-AxjAm jIgIEX"
      data-testid="FileListItem"
    >
      <span
        data-testid="icon"
      >
         
        <img
          alt="Html"
          src="done.png"
        />
      </span>
      <span
        className="column"
        data-testid="name"
      >
        Html
      </span>
      <span
        data-testid="msg"
      >
        Learn JS For Beginners With Free Book 
      </span>
      <span
        data-testid="time"
      >
        7 months ago
      </span>
    </div>
  </span>
  <span
    className="collection-item"
  >
    <div
      className="sc-AxjAm jIgIEX"
      data-testid="FileListItem"
    >
      <span
        data-testid="icon"
      >
         
        <img
          alt="Html"
          src="donut.png"
        />
      </span>
      <span
        className="column"
        data-testid="name"
      >
        Html
      </span>
      <span
        data-testid="msg"
      >
        Learn JS For Beginners With Free Book 
      </span>
      <span
        data-testid="time"
      >
        1 year ago
      </span>
    </div>
  </span>
  <span
    className="collection-item"
  >
    <div
      className="sc-AxjAm jIgIEX"
      data-testid="FileListItem"
    >
      <span
        data-testid="icon"
      >
         
        <img
          alt="Html"
          src="donut.png"
        />
      </span>
      <span
        className="column"
        data-testid="name"
      >
        Html
      </span>
      <span
        data-testid="msg"
      >
        Learn JS For Beginners With Free Book 
      </span>
      <span
        data-testid="time"
      >
        3 weeks ago
      </span>
    </div>
  </span>
  <span
    className="collection-item"
  >
    <div
      className="sc-AxjAm jIgIEX"
      data-testid="FileListItem"
    >
      <span
        data-testid="icon"
      >
         
        <img
          alt="Html"
          src="donut.png"
        />
      </span>
      <span
        className="column"
        data-testid="name"
      >
        Html
      </span>
      <span
        data-testid="msg"
      >
        Learn JS For Beginners With Free Book 
      </span>
      <span
        data-testid="time"
      >
        9 years after
      </span>
    </div>
  </span>
</div>
`;
